   967342     48 -rws--x--x   1 root     root        45088 дек 27  2022 /usr/sbin/userhelper
   963650     16 -rwsr-xr-x   1 root     root        15648 окт 27  2025 /usr/sbin/pam_timestamp_check
   963652     28 -rwsr-xr-x   1 root     root        28144 окт 27  2025 /usr/sbin/unix_chkpwd
  1013955    100 -rwsr-xr-x   1 root     root        99088 мая 25 13:28 /usr/sbin/mount.nfs
   961379     16 -rwsr-xr-x   1 root     root        15672 июл 10 12:11 /usr/sbin/grub2-set-bootflag
  1225549     48 -rwsr-xr-x   1 root     root        47512 авг  9  2023 /usr/libexec/spice-gtk-x86_64/spice-client-glib-usb-acl-helper
  1014350     16 -rws--x--x   1 root     root        15880 ноя 26  2025 /usr/libexec/xf86-video-intel-backlight-helper
   930431     36 -rwsr-x---   1 root     dbus        36328 сен 13  2025 /usr/libexec/dbus-1/dbus-daemon-launch-helper
   968142     16 -rwsr-xr-x   1 root     root        15088 ноя 27  2025 /usr/libexec/Xorg.wrap
  1580501      4 -rwsr-xr-x   1 root     root          100 окт  2  2025 /usr/share/loginfo/init_form_caller.py
  1320800     20 -rwsr-xr-x   1 root     root        19816 сен  8  2025 /usr/lib/polkit-1/polkit-agent-helper-1
   976132     56 -rwsr-xr-x   1 root     root        57120 сен 26  2025 /usr/bin/ksu
   963856     56 -rwsr-xr-x   1 root     root        57184 окт 31  2025 /usr/bin/su
   966638     60 -rwsr-xr-x   1 root     root        57696 мар 17  2023 /usr/bin/crontab
   967267     32 -rwsr-xr-x   1 root     root        32568 ноя 13  2023 /usr/bin/passwd
   923139     80 -rwsr-xr-x   1 root     root        78472 дек 28  2023 /usr/bin/gpasswd
   925600     48 -rwsr-xr-x   1 root     root        48736 окт 31  2025 /usr/bin/mount
   973942     24 -rws--x--x   1 root     root        24024 окт 31  2025 /usr/bin/chsh
   979206      4 -rwsr-xr-x   1 root     root          386 окт 20  2025 /usr/bin/join-to-domain.sh
  1014867    220 ---s--x--x   1 root     root       223416 мая 14 13:27 /usr/bin/sudo
  1014078     36 -rwsr-xr-x   1 root     root        36776 ноя 30  2023 /usr/bin/fusermount-glusterfs
   923142     40 -rwsr-xr-x   1 root     root        38184 дек 28  2023 /usr/bin/newgrp
   975646     60 -rwsr-xr-x   1 root     root        57848 дек 28  2022 /usr/bin/at
   975239      4 -rwsr-xr-x   1 root     root           69 окт  3  2025 /usr/bin/loginfo-gui
   965101     32 -rwsr-xr-x   1 root     root        32168 сен  8  2025 /usr/bin/pkexec
   973941     28 -rws--x--x   1 root     root        28184 окт 31  2025 /usr/bin/chfn
   923138     76 -rwsr-xr-x   1 root     root        74616 дек 28  2023 /usr/bin/chage
   958957     36 -rwsr-xr-x   1 root     root        36448 сен 15  2025 /usr/bin/fusermount3
   925606     36 -rwsr-xr-x   1 root     root        36368 окт 31  2025 /usr/bin/umount
   979208      4 -rwsr-xr-x   1 root     root          311 дек 15  2025 /usr/bin/loginfo.sh
  1324709     16 -rwsr-xr-x   1 root     root        16040 июн 22 17:04 /usr/lib64/chromium-browser/chrome-sandbox
