  Файл: /home/user1
  Размер: 4096      	Блоков: 8          Блок В/В: 4096   каталог
Устройство: 259/4	Инода: 1836288     Ссылки: 2
Доступ: (0700/drwx------)  Uid: ( 1234/   user1)   Gid: ( 1001/students)
Контекст: unconfined_u:object_r:user_home_dir_t:s0
Доступ:        2026-09-21 10:46:22.415027662 +0300
Модифицирован: 2026-09-21 10:45:55.585536108 +0300
Изменён:       2026-09-21 10:45:55.585536108 +0300
Создан:        2026-09-21 10:34:25.397760070 +0300
  Файл: /home/user1/cat-setuid
  Размер: 36568     	Блоков: 72         Блок В/В: 4096   обычный файл
Устройство: 259/4	Инода: 1836301     Ссылки: 1
Доступ: (4755/-rwsr-xr-x)  Uid: (    0/    root)   Gid: ( 1001/students)
Контекст: unconfined_u:object_r:user_home_t:s0
Доступ:        2026-09-21 10:48:03.922883844 +0300
Модифицирован: 2026-09-21 10:45:55.585536108 +0300
Изменён:       2026-09-21 10:46:46.258464500 +0300
Создан:        2026-09-21 10:45:55.585536108 +0300
  Файл: /home/user1/cat-cap
  Размер: 36568     	Блоков: 80         Блок В/В: 4096   обычный файл
Устройство: 259/4	Инода: 1836302     Ссылки: 1
Доступ: (0755/-rwxr-xr-x)  Uid: ( 1234/   user1)   Gid: ( 1001/students)
Контекст: unconfined_u:object_r:user_home_t:s0
Доступ:        2026-09-21 10:54:39.569093250 +0300
Модифицирован: 2026-09-21 10:51:02.623147536 +0300
Изменён:       2026-09-21 10:52:39.128903927 +0300
Создан:        2026-09-21 10:51:02.623147536 +0300
